// Jest Snapshot v1, https://goo.gl/fbAQLP

exports[`Authorize.vue renders without crashing 1`] = `
<v-container-stub
  tag="div"
>
  <v-layout-stub
    align-center=""
    d-flex=""
    justify-center=""
    row=""
    tag="div"
    wrap=""
  >
    <div
      class="mt-10"
      col="4"
    >
      <v-progress-linear-stub
        active="true"
        buffervalue="100"
        class="loading"
        color="primary"
        height="6"
        indeterminate="true"
        rounded="true"
        value="0"
      />
      We know waiting sucks
      
      <br />
      but trust me itâ€™s worth it
    
    </div>
  </v-layout-stub>
</v-container-stub>
`;
