// Jest Snapshot v1, https://goo.gl/fbAQLP

exports[`PageNotFound.vue renders without crashing 1`] = `
<v-container-stub
  tag="div"
>
  <v-layout-stub
    align-center=""
    d-flex=""
    justify-center=""
    row=""
    tag="div"
    wrap=""
  >
    
    Not found
  
  </v-layout-stub>
</v-container-stub>
`;
