// Jest Snapshot v1, https://goo.gl/fbAQLP

exports[`Profile.vue renders props when passed 1`] = `
<div
  class="home"
>
  <profile-stub />
</div>
`;
