// Jest Snapshot v1, https://goo.gl/fbAQLP

exports[`ProjectContainer.vue renders props when passed 1`] = `
<div
  class="home"
>
  <projectcontainer-stub
    id="0"
    tab="info"
  />
</div>
`;
