// Jest Snapshot v1, https://goo.gl/fbAQLP

exports[`Project.vue renders props when passed 1`] = `
<div
  class="home"
>
  <createapp-stub
    step="projectinfo"
  />
</div>
`;
