// Jest Snapshot v1, https://goo.gl/fbAQLP

exports[`TestAccount.vue renders props when passed 1`] = `
<v-card-stub
  flat="true"
  loaderheight="4"
  tag="div"
>
  <testaccount-stub
    id="0"
  />
</v-card-stub>
`;
