// Jest Snapshot v1, https://goo.gl/fbAQLP

exports[`Unauthorized.vue renders without crashing 1`] = `
<v-container-stub
  tag="div"
>
  <v-layout-stub
    align-center=""
    d-flex=""
    justify-center=""
    row=""
    tag="div"
    wrap=""
  >
    <errorpage-stub
      type="unauthorized"
    />
  </v-layout-stub>
</v-container-stub>
`;
