// Jest Snapshot v1, https://goo.gl/fbAQLP

exports[`RemaingAccounts.vue renders props when passed with gettors 1`] = `<!---->`;
