// Jest Snapshot v1, https://goo.gl/fbAQLP

exports[`AddTeam.vue renders props when passed 1`] = `
<div
  class="mx-auto outer-card v-card v-sheet theme--light"
>
  <header
    class="bc-subtitle v-sheet v-sheet--tile theme--dark v-toolbar v-toolbar--flat"
    style="height: 64px;"
  >
    <div
      class="v-toolbar__content"
      style="height: 64px;"
    >
      <button
        class="v-btn v-btn--flat v-btn--icon v-btn--round theme--dark v-size--default"
        type="button"
      >
        <span
          class="v-btn__content"
        >
          <i
            aria-hidden="true"
            class="v-icon notranslate mdi mdi-arrow-left theme--dark"
          />
        </span>
      </button>
       
      <div
        class="v-toolbar__title"
      >
        
      </div>
       
      <div
        class="flex-grow-1"
      />
    </div>
  </header>
   
  <hr
    aria-orientation="horizontal"
    class="v-divider theme--light"
    role="separator"
  />
   
  <div
    class="col col-12"
  >
    <div
      class="container"
    >
      <div
        class="row ma-5"
      >
        <div
          class="col col-12"
        >
          <h2
            class="text-left tab-headline"
          >
            
        
      
          </h2>
           
          <h4
            class="text-left tab-headline font-weight-medium"
          >
            
        
      
          </h4>
           
          <div
            class="v-data-table mt-5 theme--light"
          >
            <div
              class="v-data-table__wrapper"
            >
              <table>
                <thead
                  class="tbl-head"
                >
                  <tr
                    class="text-left"
                  >
                    <th
                      class="text-left"
                    >
                      
                    </th>
                     
                    <th
                      class="text-left"
                    >
                      
                    </th>
                     
                    <th
                      class="text-left"
                    >
                      
                    </th>
                     
                    <th
                      class="text-left"
                    >
                      
                    </th>
                  </tr>
                </thead>
                 
                <tbody />
              </table>
            </div>
          </div>
           
          <button
            class="btn v-btn v-btn--contained theme--light v-size--default primary normal"
            name="button"
            type="button"
          >
            <span
              class="v-btn__content"
            >
              
            </span>
          </button>
        </div>
         
        <div
          class="col"
        >
          <div
            class="text-center"
          >
            <div
              class="v-dialog__container text-left"
              role="dialog"
            >
              <div
                class="v-dialog__content"
                role="document"
                style="z-index: 0;"
              >
                <div
                  class="v-dialog v-dialog--persistent"
                  style="width: 70%; display: none;"
                />
              </div>
            </div>
          </div>
        </div>
      </div>
    </div>
  </div>
   
  <div
    class="col col-12"
  >
    <div
      class="ma-5 v-card v-card--flat v-sheet theme--light"
    >
      <hr
        aria-orientation="horizontal"
        class="v-divider theme--light"
        role="separator"
      />
       
      <div
        class="v-card__actions"
      >
        <div
          class="spacer"
        />
         
        <button
          class="btn back-btn v-btn v-btn--contained theme--light v-size--default secondary-btn normal"
          name="button"
          type="button"
        >
          <span
            class="v-btn__content"
          >
            
          
        
          </span>
        </button>
         
        <button
          class="btn white--text submit-team ml-6 v-btn v-btn--depressed theme--light v-size--default primary normal"
          depressed=""
          name="button"
          type="button"
        >
          <span
            class="v-btn__content"
          >
            
          
        
          </span>
        </button>
      </div>
    </div>
  </div>
</div>
`;

exports[`AddTeam.vue submit form on onlick  1`] = `
<div
  class="mx-auto outer-card v-card v-sheet theme--light"
>
  <header
    class="bc-subtitle v-sheet v-sheet--tile theme--dark v-toolbar v-toolbar--flat"
    style="height: 64px;"
  >
    <div
      class="v-toolbar__content"
      style="height: 64px;"
    >
      <button
        class="v-btn v-btn--flat v-btn--icon v-btn--round theme--dark v-size--default"
        type="button"
      >
        <span
          class="v-btn__content"
        >
          <i
            aria-hidden="true"
            class="v-icon notranslate mdi mdi-arrow-left theme--dark"
          />
        </span>
      </button>
       
      <div
        class="v-toolbar__title"
      >
        
      </div>
       
      <div
        class="flex-grow-1"
      />
    </div>
  </header>
   
  <hr
    aria-orientation="horizontal"
    class="v-divider theme--light"
    role="separator"
  />
   
  <div
    class="col col-12"
  >
    <div
      class="container"
    >
      <div
        class="row ma-5"
      >
        <div
          class="col col-12"
        >
          <h2
            class="text-left tab-headline"
          >
            
        
      
          </h2>
           
          <h4
            class="text-left tab-headline font-weight-medium"
          >
            
        
      
          </h4>
           
          <div
            class="v-data-table mt-5 theme--light"
          >
            <div
              class="v-data-table__wrapper"
            >
              <table>
                <thead
                  class="tbl-head"
                >
                  <tr
                    class="text-left"
                  >
                    <th
                      class="text-left"
                    >
                      
                    </th>
                     
                    <th
                      class="text-left"
                    >
                      
                    </th>
                     
                    <th
                      class="text-left"
                    >
                      
                    </th>
                     
                    <th
                      class="text-left"
                    >
                      
                    </th>
                  </tr>
                </thead>
                 
                <tbody />
              </table>
            </div>
          </div>
           
          <button
            class="btn v-btn v-btn--contained theme--light v-size--default primary normal"
            name="button"
            type="button"
          >
            <span
              class="v-btn__content"
            >
              
            </span>
          </button>
        </div>
         
        <div
          class="col"
        >
          <div
            class="text-center"
          >
            <div
              class="v-dialog__container text-left"
              role="dialog"
            >
              <div
                class="v-dialog__content"
                role="document"
                style="z-index: 0;"
              >
                <div
                  class="v-dialog v-dialog--persistent"
                  style="width: 70%; display: none;"
                />
              </div>
            </div>
          </div>
        </div>
      </div>
    </div>
  </div>
   
  <div
    class="col col-12"
  >
    <div
      class="ma-5 v-card v-card--flat v-sheet theme--light"
    >
      <hr
        aria-orientation="horizontal"
        class="v-divider theme--light"
        role="separator"
      />
       
      <div
        class="v-card__actions"
      >
        <div
          class="spacer"
        />
         
        <button
          class="btn back-btn v-btn v-btn--contained theme--light v-size--default secondary-btn normal"
          name="button"
          type="button"
        >
          <span
            class="v-btn__content"
          >
            
          
        
          </span>
        </button>
         
        <button
          class="btn white--text submit-team ml-6 v-btn v-btn--depressed theme--light v-size--default primary normal"
          depressed=""
          name="button"
          type="button"
        >
          <span
            class="v-btn__content"
          >
            
          
        
          </span>
        </button>
      </div>
    </div>
  </div>
</div>
`;
