// Jest Snapshot v1, https://goo.gl/fbAQLP

exports[`CreateApp.vue renders props when passed 1`] = `
<div>
  <addprojectinfo-stub
    action=""
    id=""
  />
   
  <!---->
   
  <!---->
   
  <!---->
   
  <!---->
   
  <!---->
   
  <!---->
</div>
`;
