// Jest Snapshot v1, https://goo.gl/fbAQLP

exports[`Button.vue renders props when passed 1`] = `
<v-btn-stub
  activeclass=""
  class="btn primary normal"
  name="button"
  tag="button"
  type="button"
/>
`;
